64 Bücher, max. 3 parallel
OK   5-6-Matematika-Zadachi-na-smekalku-1995  (1/64)
OK   Adaptatsia_Uchebnykh_Materialov_Dlya_Obuchayuschikhsya_S_Ras  (2/64)
OK   189-_Matematicheskie_Golovolomki_I_Razvlechenia_gardner_1999  (3/64)
OK   Arifmetika_Uchebnik_dlya_3_klassa_nachalnoy_shkoly_Pchyolko_A_S_Polyak_G_B_1955  (4/64)
OK   Besedy_Po_Fizike_chast_1__1974_Bludov  (5/64)
OK   Akhmanov_M_S_-_Prosto_Arifmetika_-_prosto__-_2013  (6/64)
OK   Besedy_Po_Fizike_chast_2__1984_Bludov  (7/64)
OK   Carol_Vorderman_Craig_Steele_Claire_Quigley_Da  (8/64)
OK   Dal_E_N_-_Elektronika_Dlya_Detey_-_2017  (9/64)
OK   Elementarnoe_muzykalnoe_vospitanie_po_sisteme_Karla_Orfa_1  (10/64)
OK   Dumay_Kak_Inzhener_Kak_Prevraschat_Problemy_V_Vozmozhnosti_2016_Madkhavan  (11/64)
OK   Domoryad_A_P_-_Matematicheskie_igry_i_razvlechenia_-_1961  (12/64)
OK   Ispravlenie_Zvukoproiznoshenia_U_Detey  (13/64)
OK   Kak_Chitat_Knigi_1971_Povarnin  (14/64)
OK   Kak_Matematika_Um_V_Poryadok_Privodit_by_Stolyar_A_a  (15/64)
OK   Khalskiy_Konstruktor_samodelka  (16/64)
OK   Kak_chitat_knigi_S_I_Povarnin_1971  (17/64)
OK   Kniga_Dlya_Chtenia_1_Klass  (18/64)
OK   Logo_igry_i_uprazhnenia_dlya_detey_s_RAS  (19/64)
OK   Lukashenko_Taym-menedzhment-dlya-detey_438335_fb2  (20/64)
OK   Markushevich_Makarychev_--_Matematika_v_nachalnykh_klassakh_II_1970  (21/64)
OK   Maller_A_r__Tsikoto_G_v_Vospitanie_I_Obuchenie_Detey_S_Tyazheloy_Intellektualnoy_Nedostatochnostyu  (22/64)
OK   Masterskaya_golovolomok_1964  (23/64)
OK   Matematicheskie_Golovolomki_Professora_Styuarta_2018_Styuart  (24/64)
OK   Matematichesky_Kaleydoskop_1949_Gugo_Shteyngauz  (25/64)
OK   Muzykalny_Bukvar_by_Vetlugina_N  (26/64)
OK   Olgin_O_-_Opyty_Bez_Vzryvov  (27/64)
OK   Python_Dlya_Detey_Samouchitel_Po_Programmirovaniyu  (28/64)
OK   Programmirovanie_Igr_I_Golovolomok_by_Arsak_Zh  (29/64)
OK   Rasskazy_O_Reshenii_Zadach_by_Depman_I_ya  (30/64)
OK   Ryumin_V_v_-_Zanimatelnaya_Elektrotekhnika_Opyty_I_Razvlechenia_V_Oblasti_Elektrotekhniki_-_1929  (31/64)
OK   Sekret_velikikh_polkovodtsev_V_Abchuk  (32/64)
OK   Shteyngauz_G_-_Sto_Zadach_-_1986  (33/64)
OK   Shakhmaty_I_Matematika_1983_Gik  (34/64)
OK   Skvortsov_I_a_-_Detstvo_Nervnoy_Sistemy  (35/64)
OK   Smolyaninov_A_Korrektsia_Razvitia_Ruk_Pri_Dtsp  (36/64)
OK   Skorochtenie_Dlya_Detey_Kak_Chitat_Bystree_Zapominat_I_Ponimat_Bolshe_2017_Abdulova  (37/64)
OK   Soboleva_A_e__Emelyanova_E_n_-_Reshaem_Shkolnye_Problemy  (38/64)
OK   Svoboda_ot_vospitania  (39/64)
OK   U_Send-K_Send-Hello_world_Zanimatelnoe_programmirovanie_dlya_detej_i_nachinayushix  (40/64)
OK   Uchebnik_Science_3_Klass  (41/64)
OK   Yunye_Tekhniki_I_Izobretateli  (42/64)
OK   Vinevskaya_A_Razvitie_Rebyonka_S_Autizmom  (43/64)
OK   Verzilin_N_m_-_Uchitel_Botaniki_Ili_Razgovor_S_Rasteniami_-_1984  (44/64)
OK   Zabavnaya_Arifmetika_N_n_amenitsky_2008-600R  (45/64)
OK   Zadacha_Odna_-_Reshenia_Raznye_by_Gotman_E__Skopets_Z_a  (46/64)
OK   Zanimatelnaya_Galvanotekhnika_-_Odnoralov  (47/64)
OK   Zanimatelnye_Opyty_Po_Fizike_V_6-7_Klassakh_Sredney_Shkoly_1985_Gorev  (48/64)
OK   Zanimatelnaya_Yadernaya_Fizika_by_Mukhin_K_n  (49/64)
OK   Znachimye_Figury_Zhizn_I_Otkrytia_Velikikh_Matematikov_2017_Styuart  (50/64)
OK   fizika-smekalka-1985  (51/64)
OK   geometr-arifmet-1960  (52/64)
OK   geometr-ustno-1983  (53/64)
OK   kiku_chto_Takoe_Uchebny_Proekt  (54/64)
OK   kak_priokhotit_rebenka_k_chteniyu  (55/64)
OK   katler_e_mak_sheyn_r_sistema_bystrogo_schyota_po_trakhtenber  (56/64)
OK   kiku_geometria_Perelman  (57/64)
OK   kocmos_zvezdy_-Solnyshkiny_Sestrichki  (58/64)
OK   kosmos_tvoy_Zvyozdny_Gorod_-_Galaktika  (59/64)
OK   math_arifmetika_Uchebnik_dlya_3_klassa_nachalnoy_shkoly_Pchyolko_A_S_Polyak_G_B_1955  (60/64)
OK   moshina_a_sdelat_schastlivymi_nashikh_detey_doshkol_niki_3_6  (61/64)
OK   sakulina_n_p_komarova_t_s_metodika_obucheniya_izobrazitelnoy  (62/64)
OK   sdelat_schastlivymi_nashikh_detey_nachal_naya_shkola_6_10_le  (63/64)
OK   strebeleva_e_a__psikhologo_pedagogicheskaya  (64/64)

fertig: 64 ok, 0 fehlgeschlagen
