Fertig. Ich habe das Buch vollständig gelesen (Inhaltsverzeichnis + alle Kapitel 1–8 und das Fazit) und genau eine Datei erstellt:

**`tools/book-referenzen/Dumay_Kak_Inzhener_Kak_Prevraschat_Problemy_V_Vozmozhnosti_2016_Madkhavan.html`**

Inhalt:
- **15 Tabellenzeilen** mit konkreten, aus dem Text belegten Stellen (jeweils Seite + Kapitel).
- Jede Zeile enthält Relevanz (1–5 ★), Zuordnung zu Modul/Faktor/Förderung, Fundstelle und eine 8–12-sätzige, eigene Umsetzungsbeschreibung auf Deutsch (kein wörtliches Kopieren).

Die stärksten Funde und ihre Zuordnung:

| Stelle | App-Anbindung |
|---|---|
| Heilmeier-Fragenkatalog (S. 33–34) | Planung/Gf, exekutive Funktionen |
| Zerlegen/Zusammensetzen (S. 31) | Planung/Gf, Koffer packen |
| Variation der Parameter (S. 29–30, 43) | Muster fortsetzen, Experimentieren |
| Super-Pferd-Skalierung (S. 52) | „Was passt nicht?“, Sachwissen |
| Flugreise zerlegen (S. 60–61) | Bildergeschichte ordnen |
| Fünfmal-Warum (S. 81) | kausales Schlussfolgern |
| Propeller als Flügel (S. 76) | Oberbegriffe/Teekesselchen |
| Ei-Fallversuch (S. 92) | Zaubertrick nachmachen, räumliches Denken |
| Zeitzonen (S. 110) | Sachwissen, Orientierung |
| Rückwärtsdenken (S. 123) | Planung unter Einschränkungen |
| Aufzug-Rätsel (S. 142) | Rätsel, verborgene Ursachen |
| Montage-Prinzip (S. 193) | Bildergeschichte ordnen + Gesichter |
| PIN-Gedächtnisspanne (S. 74–75) | Zahlenfolgen, Arbeitsgedächtnis |
| Laden-Wegführung (S. 69–70) | Rover im Labyrinth |
| Festhalten an Lösungswegen (S. 165) | flexibles Denken |

Keine weiteren Dateien wurden angelegt oder geändert.
